[INFO] Scanning for projects...
[INFO] 
[INFO] -------------------------< com.example:j2ee16 >-------------------------
[INFO] Building j2ee16 0.0.1-SNAPSHOT
[INFO]   from pom.xml
[INFO] --------------------------------[ jar ]---------------------------------
[INFO] 
[INFO] --- resources:3.3.1:resources (default-resources) @ j2ee16 ---
[INFO] Copying 1 resource from src\main\resources to target\classes
[INFO] Copying 7 resources from src\main\resources to target\classes
[INFO] 
[INFO] --- compiler:3.14.1:compile (default-compile) @ j2ee16 ---
[INFO] Nothing to compile - all classes are up to date.
[INFO] ------------------------------------------------------------------------
[INFO] BUILD SUCCESS
[INFO] ------------------------------------------------------------------------
[INFO] Total time:  1.195 s
[INFO] Finished at: 2026-04-03T16:54:50+07:00
[INFO] ------------------------------------------------------------------------
